// Jest Snapshot v1, https://goo.gl/fbAQLP

exports[`Performance: predictive performance audit should compute the predicted values 1`] = `
Object {
  "optimisticEIL": 455,
  "optimisticFCP": 2289,
  "optimisticFMP": 2289,
  "optimisticLCP": 3192,
  "optimisticSI": 1393,
  "optimisticTTFCPUI": 3677,
  "optimisticTTI": 3677,
  "pessimisticEIL": 903,
  "pessimisticFCP": 2289,
  "pessimisticFMP": 3228,
  "pessimisticLCP": 3647,
  "pessimisticSI": 3018,
  "pessimisticTTFCPUI": 5551,
  "pessimisticTTI": 5551,
  "roughEstimateOfEIL": 543,
  "roughEstimateOfFCP": 2289,
  "roughEstimateOfFMP": 2758,
  "roughEstimateOfLCP": 3419,
  "roughEstimateOfSI": 3663,
  "roughEstimateOfTTFCPUI": 3677,
  "roughEstimateOfTTI": 4614,
}
`;
