// Jest Snapshot v1, https://goo.gl/fbAQLP

exports[`Metrics: Lantern TTI should compute predicted value 1`] = `
Object {
  "optimistic": 3351,
  "pessimistic": 3502,
  "timing": 3427,
}
`;

exports[`Metrics: Lantern TTI should compute predicted value on iframes with substantial layout 1`] = `
Object {
  "optimistic": 6657,
  "pessimistic": 6692,
  "timing": 6674,
}
`;
